 
****************************************
Report : qor
Design : alu
Version: T-2022.03-SP4
Date   : Sat Oct 18 11:37:21 2025
****************************************


  Timing Path Group (none)
  -----------------------------------
  Levels of Logic:              63.00
  Critical Path Length:         59.59
  Critical Path Slack:         uninit
  Critical Path Clk Period:       n/a
  Total Negative Slack:          0.00
  No. of Violating Paths:        0.00
  Worst Hold Violation:          0.00
  Total Hold Violation:          0.00
  No. of Hold Violations:        0.00
  -----------------------------------


  Cell Count
  -----------------------------------
  Hierarchical Cell Count:          0
  Hierarchical Port Count:          0
  Leaf Cell Count:                489
  Buf/Inv Cell Count:              59
  Buf Cell Count:                   0
  Inv Cell Count:                  59
  CT Buf/Inv Cell Count:            0
  Combinational Cell Count:       489
  Sequential Cell Count:            0
  Macro Count:                      0
  -----------------------------------


  Area
  -----------------------------------
  Combinational Area:     1044.000000
  Noncombinational Area:    48.000000
  Buf/Inv Area:             59.000000
  Total Buffer Area:             0.00
  Total Inverter Area:          59.00
  Macro/Black Box Area:      0.000000
  Net Area:                  0.000000
  -----------------------------------
  Cell Area:              1092.000000
  Design Area:            1092.000000


  Design Rules
  -----------------------------------
  Total Number of Nets:           559
  Nets With Violations:             0
  Max Trans Violations:             0
  Max Cap Violations:               0
  -----------------------------------


  Hostname: mavenserver-RH3

  Compile CPU Statistics
  -----------------------------------------
  Resource Sharing:                    0.00
  Logic Optimization:                  0.00
  Mapping Optimization:                0.00
  -----------------------------------------
  Overall Compile Time:                0.00
  Overall Compile Wall Clock Time:     0.00

  --------------------------------------------------------------------

  Design  WNS: 0.00  TNS: 0.00  Number of Violating Paths: 0


  Design (Hold)  WNS: 0.00  TNS: 0.00  Number of Violating Paths: 0

  --------------------------------------------------------------------


1
